2025-08-23 14:49:33,463 - INFO: Clicked on C:\Users\LENOVO\Pictures\Screenshots\store.png at (11, 899)
2025-08-23 14:49:34,702 - INFO: Clicked on C:\Users\LENOVO\Pictures\Screenshots\store.png at (11, 900)
2025-08-23 14:49:38,871 - INFO: Clicked on C:\Users\LENOVO\Pictures\Screenshots\store.png at (11, 901)
2025-08-23 15:36:07,451 - INFO: Clicked on C:\Users\LENOVO\Pictures\Screenshots\alliance.png at (86, 254)
